// Jest Snapshot v1, https://goo.gl/fbAQLP

exports[`with count down hoc should initial render correct 1`] = `
ShallowWrapper {
  "length": 1,
  Symbol(enzyme.__root__): [Circular],
  Symbol(enzyme.__unrendered__): <ReactTimeout />,
  Symbol(enzyme.__renderer__): Object {
    "batchedUpdates": [Function],
    "getNode": [Function],
    "render": [Function],
    "simulateEvent": [Function],
    "unmount": [Function],
  },
  Symbol(enzyme.__node__): Object {
    "instance": null,
    "key": undefined,
    "nodeType": "class",
    "props": Object {
      "cancelAnimationFrame": [Function],
      "clearImmediate": [Function],
      "clearInterval": [Function],
      "clearTimeout": [Function],
      "requestAnimationFrame": [Function],
      "setImmediate": [Function],
      "setInterval": [Function],
      "setTimeout": [Function],
    },
    "ref": null,
    "rendered": null,
    "type": [Function],
  },
  Symbol(enzyme.__nodes__): Array [
    Object {
      "instance": null,
      "key": undefined,
      "nodeType": "class",
      "props": Object {
        "cancelAnimationFrame": [Function],
        "clearImmediate": [Function],
        "clearInterval": [Function],
        "clearTimeout": [Function],
        "requestAnimationFrame": [Function],
        "setImmediate": [Function],
        "setInterval": [Function],
        "setTimeout": [Function],
      },
      "ref": null,
      "rendered": null,
      "type": [Function],
    },
  ],
  Symbol(enzyme.__options__): Object {
    "adapter": ReactSixteenAdapter {
      "options": Object {
        "enableComponentDidUpdateOnSetState": true,
      },
    },
  },
}
`;
